--------------------------------------------------------------------------------
Release 14.7 Trace  (nt64)
Copyright (c) 1995-2013 Xilinx, Inc.  All rights reserved.

C:\Xilinx\14.7\ISE_DS\ISE\bin\nt64\unwrapped\trce.exe -intstyle ise -v 3 -s 2I
-n 3 -fastpaths -xml alu.twx alu.ncd -o alu.twr alu.pcf

Design file:              alu.ncd
Physical constraint file: alu.pcf
Device,package,speed:     xa7a100t,csg324,I,-2I (PRELIMINARY 1.07 2013-10-13)
Report level:             verbose report

Environment Variable      Effect 
--------------------      ------ 
NONE                      No environment variables were set
--------------------------------------------------------------------------------

INFO:Timing:2698 - No timing constraints found, doing default enumeration.
INFO:Timing:3412 - To improve timing, see the Timing Closure User Guide (UG612).
INFO:Timing:2752 - To get complete path coverage, use the unconstrained paths 
   option. All paths that are not constrained will be reported in the 
   unconstrained paths section(s) of the report.
INFO:Timing:3339 - The clock-to-out numbers in this timing report are based on 
   a 50 Ohm transmission line loading model.  For the details of this model, 
   and for more information on accounting for different loading conditions, 
   please see the device datasheet.



Data Sheet report:
-----------------
All values displayed in nanoseconds (ns)

Pad to Pad
---------------+---------------+---------+
Source Pad     |Destination Pad|  Delay  |
---------------+---------------+---------+
control<0>     |result<0>      |    8.484|
control<0>     |result<1>      |    9.333|
control<0>     |result<2>      |    9.166|
control<0>     |result<3>      |    8.772|
control<0>     |result<4>      |    9.405|
control<0>     |result<5>      |    8.924|
control<0>     |result<6>      |    8.856|
control<0>     |result<7>      |    8.490|
control<0>     |result<8>      |    9.319|
control<0>     |result<9>      |    8.916|
control<0>     |result<10>     |    9.123|
control<0>     |result<11>     |    9.123|
control<0>     |result<12>     |    9.262|
control<0>     |result<13>     |    9.515|
control<0>     |result<14>     |    9.564|
control<0>     |result<15>     |    9.024|
control<0>     |result<16>     |    9.565|
control<0>     |result<17>     |    9.293|
control<0>     |result<18>     |    9.464|
control<0>     |result<19>     |    9.602|
control<0>     |result<20>     |    9.441|
control<0>     |result<21>     |    9.459|
control<0>     |result<22>     |    9.828|
control<0>     |result<23>     |    9.677|
control<0>     |result<24>     |   10.337|
control<0>     |result<25>     |   10.497|
control<0>     |result<26>     |   10.053|
control<0>     |result<27>     |    9.929|
control<0>     |result<28>     |   10.155|
control<0>     |result<29>     |   10.332|
control<0>     |result<30>     |   10.340|
control<0>     |result<31>     |   10.451|
control<1>     |result<0>      |    8.314|
control<1>     |result<1>      |    8.761|
control<1>     |result<2>      |    8.594|
control<1>     |result<3>      |    8.200|
control<1>     |result<4>      |    8.826|
control<1>     |result<5>      |    8.345|
control<1>     |result<6>      |    8.284|
control<1>     |result<7>      |    7.911|
control<1>     |result<8>      |    8.740|
control<1>     |result<9>      |    8.337|
control<1>     |result<10>     |    8.544|
control<1>     |result<11>     |    8.544|
control<1>     |result<12>     |    8.683|
control<1>     |result<13>     |    8.936|
control<1>     |result<14>     |    8.985|
control<1>     |result<15>     |    8.452|
control<1>     |result<16>     |    8.986|
control<1>     |result<17>     |    8.714|
control<1>     |result<18>     |    8.892|
control<1>     |result<19>     |    9.023|
control<1>     |result<20>     |    8.869|
control<1>     |result<21>     |    8.887|
control<1>     |result<22>     |    9.249|
control<1>     |result<23>     |    9.098|
control<1>     |result<24>     |    9.758|
control<1>     |result<25>     |    9.918|
control<1>     |result<26>     |    9.474|
control<1>     |result<27>     |    9.357|
control<1>     |result<28>     |    9.576|
control<1>     |result<29>     |    9.753|
control<1>     |result<30>     |    9.761|
control<1>     |result<31>     |    9.872|
control<2>     |result<0>      |    9.732|
control<2>     |result<1>      |    9.679|
control<2>     |result<2>      |    9.516|
control<2>     |result<3>      |    8.899|
control<2>     |result<4>      |    9.765|
control<2>     |result<5>      |    9.284|
control<2>     |result<6>      |    9.210|
control<2>     |result<7>      |    8.850|
control<2>     |result<8>      |    9.679|
control<2>     |result<9>      |    9.276|
control<2>     |result<10>     |    9.483|
control<2>     |result<11>     |    9.483|
control<2>     |result<12>     |    9.622|
control<2>     |result<13>     |    9.875|
control<2>     |result<14>     |    9.924|
control<2>     |result<15>     |    9.244|
control<2>     |result<16>     |    9.925|
control<2>     |result<17>     |    9.653|
control<2>     |result<18>     |    9.665|
control<2>     |result<19>     |    9.962|
control<2>     |result<20>     |    9.675|
control<2>     |result<21>     |    9.736|
control<2>     |result<22>     |   10.188|
control<2>     |result<23>     |   10.037|
control<2>     |result<24>     |   10.697|
control<2>     |result<25>     |   10.857|
control<2>     |result<26>     |   10.413|
control<2>     |result<27>     |   10.023|
control<2>     |result<28>     |   10.515|
control<2>     |result<29>     |   10.692|
control<2>     |result<30>     |   10.700|
control<2>     |result<31>     |   10.811|
control<3>     |result<0>      |    9.145|
control<3>     |result<1>      |    9.030|
control<3>     |result<2>      |    8.863|
control<3>     |result<3>      |    8.469|
control<3>     |result<4>      |    9.112|
control<3>     |result<5>      |    8.631|
control<3>     |result<6>      |    8.557|
control<3>     |result<7>      |    8.197|
control<3>     |result<8>      |    9.026|
control<3>     |result<9>      |    8.623|
control<3>     |result<10>     |    8.830|
control<3>     |result<11>     |    8.830|
control<3>     |result<12>     |    8.969|
control<3>     |result<13>     |    9.222|
control<3>     |result<14>     |    9.271|
control<3>     |result<15>     |    8.721|
control<3>     |result<16>     |    9.272|
control<3>     |result<17>     |    9.000|
control<3>     |result<18>     |    9.161|
control<3>     |result<19>     |    9.309|
control<3>     |result<20>     |    9.138|
control<3>     |result<21>     |    9.156|
control<3>     |result<22>     |    9.535|
control<3>     |result<23>     |    9.384|
control<3>     |result<24>     |   10.044|
control<3>     |result<25>     |   10.204|
control<3>     |result<26>     |    9.760|
control<3>     |result<27>     |    9.626|
control<3>     |result<28>     |    9.862|
control<3>     |result<29>     |   10.039|
control<3>     |result<30>     |   10.047|
control<3>     |result<31>     |   10.158|
read1<0>       |result<0>      |   10.995|
read1<0>       |result<1>      |    9.639|
read1<0>       |result<2>      |    9.454|
read1<0>       |result<3>      |    8.941|
read1<0>       |result<4>      |    9.749|
read1<0>       |result<5>      |    9.236|
read1<0>       |result<6>      |    9.167|
read1<0>       |result<7>      |    9.177|
read1<0>       |result<8>      |    9.454|
read1<0>       |result<9>      |    9.237|
read1<0>       |result<10>     |    9.944|
read1<0>       |result<11>     |    9.434|
read1<0>       |result<12>     |    9.277|
read1<0>       |result<13>     |    9.952|
read1<0>       |result<14>     |    9.922|
read1<0>       |result<15>     |    9.325|
read1<0>       |result<16>     |    9.679|
read1<0>       |result<17>     |   10.026|
read1<0>       |result<18>     |    9.955|
read1<0>       |result<19>     |    9.554|
read1<0>       |result<20>     |    9.814|
read1<0>       |result<21>     |    9.656|
read1<0>       |result<22>     |   10.312|
read1<0>       |result<23>     |   10.085|
read1<0>       |result<24>     |   10.133|
read1<0>       |result<25>     |   10.817|
read1<0>       |result<26>     |   10.301|
read1<0>       |result<27>     |   10.068|
read1<0>       |result<28>     |   10.023|
read1<0>       |result<29>     |   10.622|
read1<0>       |result<30>     |   10.544|
read1<0>       |result<31>     |   10.924|
read1<0>       |zero           |    8.555|
read1<1>       |result<0>      |   10.839|
read1<1>       |result<1>      |    9.216|
read1<1>       |result<2>      |    9.215|
read1<1>       |result<3>      |    9.120|
read1<1>       |result<4>      |    9.499|
read1<1>       |result<5>      |    9.218|
read1<1>       |result<6>      |    9.348|
read1<1>       |result<7>      |    8.988|
read1<1>       |result<8>      |    9.204|
read1<1>       |result<9>      |    9.181|
read1<1>       |result<10>     |    9.694|
read1<1>       |result<11>     |    9.184|
read1<1>       |result<12>     |    9.423|
read1<1>       |result<13>     |    9.702|
read1<1>       |result<14>     |    9.672|
read1<1>       |result<15>     |    9.405|
read1<1>       |result<16>     |    9.860|
read1<1>       |result<17>     |    9.776|
read1<1>       |result<18>     |    9.705|
read1<1>       |result<19>     |    9.634|
read1<1>       |result<20>     |    9.564|
read1<1>       |result<21>     |    9.638|
read1<1>       |result<22>     |   10.171|
read1<1>       |result<23>     |    9.992|
read1<1>       |result<24>     |   10.213|
read1<1>       |result<25>     |   10.567|
read1<1>       |result<26>     |   10.051|
read1<1>       |result<27>     |   10.249|
read1<1>       |result<28>     |   10.204|
read1<1>       |result<29>     |   10.372|
read1<1>       |result<30>     |   10.294|
read1<1>       |result<31>     |   10.781|
read1<1>       |zero           |    8.792|
read1<2>       |result<0>      |   11.185|
read1<2>       |result<2>      |    9.556|
read1<2>       |result<3>      |    9.081|
read1<2>       |result<4>      |    9.989|
read1<2>       |result<5>      |    9.476|
read1<2>       |result<6>      |    9.372|
read1<2>       |result<7>      |    9.417|
read1<2>       |result<8>      |    9.694|
read1<2>       |result<9>      |    9.477|
read1<2>       |result<10>     |   10.184|
read1<2>       |result<11>     |    9.674|
read1<2>       |result<12>     |    9.517|
read1<2>       |result<13>     |   10.192|
read1<2>       |result<14>     |   10.162|
read1<2>       |result<15>     |    9.565|
read1<2>       |result<16>     |    9.884|
read1<2>       |result<17>     |   10.266|
read1<2>       |result<18>     |   10.195|
read1<2>       |result<19>     |    9.794|
read1<2>       |result<20>     |   10.054|
read1<2>       |result<21>     |    9.896|
read1<2>       |result<22>     |   10.552|
read1<2>       |result<23>     |   10.325|
read1<2>       |result<24>     |   10.373|
read1<2>       |result<25>     |   11.057|
read1<2>       |result<26>     |   10.541|
read1<2>       |result<27>     |   10.298|
read1<2>       |result<28>     |   10.228|
read1<2>       |result<29>     |   10.862|
read1<2>       |result<30>     |   10.784|
read1<2>       |result<31>     |   11.164|
read1<2>       |zero           |    8.933|
read1<3>       |result<0>      |   10.883|
read1<3>       |result<3>      |    8.994|
read1<3>       |result<4>      |    9.991|
read1<3>       |result<5>      |    9.478|
read1<3>       |result<6>      |    9.267|
read1<3>       |result<7>      |    9.419|
read1<3>       |result<8>      |    9.696|
read1<3>       |result<9>      |    9.479|
read1<3>       |result<10>     |   10.186|
read1<3>       |result<11>     |    9.676|
read1<3>       |result<12>     |    9.519|
read1<3>       |result<13>     |   10.194|
read1<3>       |result<14>     |   10.164|
read1<3>       |result<15>     |    9.567|
read1<3>       |result<16>     |    9.816|
read1<3>       |result<17>     |   10.268|
read1<3>       |result<18>     |   10.197|
read1<3>       |result<19>     |    9.796|
read1<3>       |result<20>     |   10.056|
read1<3>       |result<21>     |    9.898|
read1<3>       |result<22>     |   10.554|
read1<3>       |result<23>     |   10.327|
read1<3>       |result<24>     |   10.375|
read1<3>       |result<25>     |   11.059|
read1<3>       |result<26>     |   10.543|
read1<3>       |result<27>     |   10.300|
read1<3>       |result<28>     |   10.165|
read1<3>       |result<29>     |   10.864|
read1<3>       |result<30>     |   10.786|
read1<3>       |result<31>     |   11.166|
read1<3>       |zero           |    8.945|
read1<4>       |result<0>      |   11.135|
read1<4>       |result<4>      |    9.113|
read1<4>       |result<5>      |    8.876|
read1<4>       |result<6>      |    9.181|
read1<4>       |result<7>      |    8.819|
read1<4>       |result<8>      |    9.186|
read1<4>       |result<9>      |    9.103|
read1<4>       |result<10>     |    9.676|
read1<4>       |result<11>     |    9.166|
read1<4>       |result<12>     |    9.345|
read1<4>       |result<13>     |    9.684|
read1<4>       |result<14>     |    9.654|
read1<4>       |result<15>     |    9.327|
read1<4>       |result<16>     |    9.782|
read1<4>       |result<17>     |    9.758|
read1<4>       |result<18>     |    9.687|
read1<4>       |result<19>     |    9.556|
read1<4>       |result<20>     |    9.546|
read1<4>       |result<21>     |    9.560|
read1<4>       |result<22>     |   10.093|
read1<4>       |result<23>     |    9.914|
read1<4>       |result<24>     |   10.135|
read1<4>       |result<25>     |   10.549|
read1<4>       |result<26>     |   10.033|
read1<4>       |result<27>     |   10.171|
read1<4>       |result<28>     |   10.126|
read1<4>       |result<29>     |   10.354|
read1<4>       |result<30>     |   10.276|
read1<4>       |result<31>     |   10.703|
read1<4>       |zero           |    8.756|
read1<5>       |result<0>      |   10.687|
read1<5>       |result<5>      |    8.911|
read1<5>       |result<6>      |    9.348|
read1<5>       |result<7>      |    9.200|
read1<5>       |result<8>      |    9.566|
read1<5>       |result<9>      |    9.349|
read1<5>       |result<10>     |   10.056|
read1<5>       |result<11>     |    9.546|
read1<5>       |result<12>     |    9.501|
read1<5>       |result<13>     |   10.064|
read1<5>       |result<14>     |   10.034|
read1<5>       |result<15>     |    9.483|
read1<5>       |result<16>     |    9.938|
read1<5>       |result<17>     |   10.138|
read1<5>       |result<18>     |   10.067|
read1<5>       |result<19>     |    9.712|
read1<5>       |result<20>     |    9.926|
read1<5>       |result<21>     |    9.768|
read1<5>       |result<22>     |   10.424|
read1<5>       |result<23>     |   10.197|
read1<5>       |result<24>     |   10.291|
read1<5>       |result<25>     |   10.929|
read1<5>       |result<26>     |   10.413|
read1<5>       |result<27>     |   10.327|
read1<5>       |result<28>     |   10.282|
read1<5>       |result<29>     |   10.734|
read1<5>       |result<30>     |   10.656|
read1<5>       |result<31>     |   11.036|
read1<5>       |zero           |    8.911|
read1<6>       |result<0>      |   11.032|
read1<6>       |result<6>      |    9.198|
read1<6>       |result<7>      |    9.239|
read1<6>       |result<8>      |    9.715|
read1<6>       |result<9>      |    9.498|
read1<6>       |result<10>     |   10.205|
read1<6>       |result<11>     |    9.695|
read1<6>       |result<12>     |    9.538|
read1<6>       |result<13>     |   10.213|
read1<6>       |result<14>     |   10.183|
read1<6>       |result<15>     |    9.586|
read1<6>       |result<16>     |    9.937|
read1<6>       |result<17>     |   10.287|
read1<6>       |result<18>     |   10.216|
read1<6>       |result<19>     |    9.815|
read1<6>       |result<20>     |   10.075|
read1<6>       |result<21>     |    9.917|
read1<6>       |result<22>     |   10.573|
read1<6>       |result<23>     |   10.346|
read1<6>       |result<24>     |   10.394|
read1<6>       |result<25>     |   11.078|
read1<6>       |result<26>     |   10.562|
read1<6>       |result<27>     |   10.326|
read1<6>       |result<28>     |   10.281|
read1<6>       |result<29>     |   10.883|
read1<6>       |result<30>     |   10.805|
read1<6>       |result<31>     |   11.185|
read1<6>       |zero           |    8.976|
read1<7>       |result<0>      |   10.700|
read1<7>       |result<7>      |    9.085|
read1<7>       |result<8>      |    9.650|
read1<7>       |result<9>      |    9.433|
read1<7>       |result<10>     |   10.140|
read1<7>       |result<11>     |    9.630|
read1<7>       |result<12>     |    9.473|
read1<7>       |result<13>     |   10.148|
read1<7>       |result<14>     |   10.118|
read1<7>       |result<15>     |    9.521|
read1<7>       |result<16>     |    9.770|
read1<7>       |result<17>     |   10.222|
read1<7>       |result<18>     |   10.151|
read1<7>       |result<19>     |    9.750|
read1<7>       |result<20>     |   10.010|
read1<7>       |result<21>     |    9.852|
read1<7>       |result<22>     |   10.508|
read1<7>       |result<23>     |   10.281|
read1<7>       |result<24>     |   10.329|
read1<7>       |result<25>     |   11.013|
read1<7>       |result<26>     |   10.497|
read1<7>       |result<27>     |   10.254|
read1<7>       |result<28>     |   10.119|
read1<7>       |result<29>     |   10.818|
read1<7>       |result<30>     |   10.740|
read1<7>       |result<31>     |   11.120|
read1<7>       |zero           |    8.455|
read1<8>       |result<0>      |   10.696|
read1<8>       |result<8>      |    8.941|
read1<8>       |result<9>      |    8.775|
read1<8>       |result<10>     |    9.657|
read1<8>       |result<11>     |    9.137|
read1<8>       |result<12>     |    9.215|
read1<8>       |result<13>     |    9.754|
read1<8>       |result<14>     |    9.724|
read1<8>       |result<15>     |    9.197|
read1<8>       |result<16>     |    9.652|
read1<8>       |result<17>     |    9.828|
read1<8>       |result<18>     |    9.757|
read1<8>       |result<19>     |    9.426|
read1<8>       |result<20>     |    9.616|
read1<8>       |result<21>     |    9.458|
read1<8>       |result<22>     |   10.114|
read1<8>       |result<23>     |    9.887|
read1<8>       |result<24>     |   10.005|
read1<8>       |result<25>     |   10.619|
read1<8>       |result<26>     |   10.103|
read1<8>       |result<27>     |   10.041|
read1<8>       |result<28>     |    9.996|
read1<8>       |result<29>     |   10.424|
read1<8>       |result<30>     |   10.346|
read1<8>       |result<31>     |   10.726|
read1<8>       |zero           |    8.764|
read1<9>       |result<0>      |   11.377|
read1<9>       |result<9>      |    9.016|
read1<9>       |result<10>     |   10.082|
read1<9>       |result<11>     |    9.561|
read1<9>       |result<12>     |    9.637|
read1<9>       |result<13>     |   10.168|
read1<9>       |result<14>     |   10.138|
read1<9>       |result<15>     |    9.619|
read1<9>       |result<16>     |   10.074|
read1<9>       |result<17>     |   10.242|
read1<9>       |result<18>     |   10.171|
read1<9>       |result<19>     |    9.848|
read1<9>       |result<20>     |   10.030|
read1<9>       |result<21>     |    9.872|
read1<9>       |result<22>     |   10.528|
read1<9>       |result<23>     |   10.301|
read1<9>       |result<24>     |   10.427|
read1<9>       |result<25>     |   11.033|
read1<9>       |result<26>     |   10.517|
read1<9>       |result<27>     |   10.463|
read1<9>       |result<28>     |   10.418|
read1<9>       |result<29>     |   10.838|
read1<9>       |result<30>     |   10.760|
read1<9>       |result<31>     |   11.140|
read1<9>       |zero           |    8.547|
read1<10>      |result<0>      |   11.058|
read1<10>      |result<10>     |    9.814|
read1<10>      |result<11>     |    9.332|
read1<10>      |result<12>     |    9.374|
read1<10>      |result<13>     |   10.049|
read1<10>      |result<14>     |   10.019|
read1<10>      |result<15>     |    9.422|
read1<10>      |result<16>     |    9.675|
read1<10>      |result<17>     |   10.123|
read1<10>      |result<18>     |   10.052|
read1<10>      |result<19>     |    9.651|
read1<10>      |result<20>     |    9.911|
read1<10>      |result<21>     |    9.753|
read1<10>      |result<22>     |   10.409|
read1<10>      |result<23>     |   10.182|
read1<10>      |result<24>     |   10.230|
read1<10>      |result<25>     |   10.914|
read1<10>      |result<26>     |   10.398|
read1<10>      |result<27>     |   10.155|
read1<10>      |result<28>     |   10.020|
read1<10>      |result<29>     |   10.719|
read1<10>      |result<30>     |   10.641|
read1<10>      |result<31>     |   11.021|
read1<10>      |zero           |    8.540|
read1<11>      |result<0>      |   11.321|
read1<11>      |result<11>     |    9.601|
read1<11>      |result<12>     |    9.764|
read1<11>      |result<13>     |   10.407|
read1<11>      |result<14>     |   10.377|
read1<11>      |result<15>     |    9.780|
read1<11>      |result<16>     |   10.201|
read1<11>      |result<17>     |   10.481|
read1<11>      |result<18>     |   10.410|
read1<11>      |result<19>     |   10.009|
read1<11>      |result<20>     |   10.269|
read1<11>      |result<21>     |   10.111|
read1<11>      |result<22>     |   10.767|
read1<11>      |result<23>     |   10.540|
read1<11>      |result<24>     |   10.588|
read1<11>      |result<25>     |   11.272|
read1<11>      |result<26>     |   10.756|
read1<11>      |result<27>     |   10.590|
read1<11>      |result<28>     |   10.545|
read1<11>      |result<29>     |   11.077|
read1<11>      |result<30>     |   10.999|
read1<11>      |result<31>     |   11.379|
read1<11>      |zero           |    8.847|
read1<12>      |result<0>      |   11.023|
read1<12>      |result<12>     |    9.133|
read1<12>      |result<13>     |    9.859|
read1<12>      |result<14>     |   10.004|
read1<12>      |result<15>     |    9.397|
read1<12>      |result<16>     |    9.745|
read1<12>      |result<17>     |   10.197|
read1<12>      |result<18>     |   10.126|
read1<12>      |result<19>     |    9.725|
read1<12>      |result<20>     |    9.985|
read1<12>      |result<21>     |    9.827|
read1<12>      |result<22>     |   10.483|
read1<12>      |result<23>     |   10.256|
read1<12>      |result<24>     |   10.304|
read1<12>      |result<25>     |   10.988|
read1<12>      |result<26>     |   10.472|
read1<12>      |result<27>     |   10.229|
read1<12>      |result<28>     |   10.094|
read1<12>      |result<29>     |   10.793|
read1<12>      |result<30>     |   10.715|
read1<12>      |result<31>     |   11.095|
read1<12>      |zero           |    8.849|
read1<13>      |result<0>      |   10.654|
read1<13>      |result<13>     |    9.757|
read1<13>      |result<14>     |   10.086|
read1<13>      |result<15>     |    9.478|
read1<13>      |result<16>     |    9.819|
read1<13>      |result<17>     |   10.268|
read1<13>      |result<18>     |   10.197|
read1<13>      |result<19>     |    9.796|
read1<13>      |result<20>     |   10.056|
read1<13>      |result<21>     |    9.898|
read1<13>      |result<22>     |   10.554|
read1<13>      |result<23>     |   10.327|
read1<13>      |result<24>     |   10.375|
read1<13>      |result<25>     |   11.059|
read1<13>      |result<26>     |   10.543|
read1<13>      |result<27>     |   10.300|
read1<13>      |result<28>     |   10.165|
read1<13>      |result<29>     |   10.864|
read1<13>      |result<30>     |   10.786|
read1<13>      |result<31>     |   11.166|
read1<13>      |zero           |    8.863|
read1<14>      |result<0>      |   11.581|
read1<14>      |result<14>     |    9.870|
read1<14>      |result<15>     |    9.719|
read1<14>      |result<16>     |   10.373|
read1<14>      |result<17>     |   10.113|
read1<14>      |result<18>     |   10.130|
read1<14>      |result<19>     |   10.147|
read1<14>      |result<20>     |   10.037|
read1<14>      |result<21>     |   10.151|
read1<14>      |result<22>     |   10.684|
read1<14>      |result<23>     |   10.505|
read1<14>      |result<24>     |   10.726|
read1<14>      |result<25>     |   10.904|
read1<14>      |result<26>     |   10.388|
read1<14>      |result<27>     |   10.762|
read1<14>      |result<28>     |   10.717|
read1<14>      |result<29>     |   10.709|
read1<14>      |result<30>     |   10.719|
read1<14>      |result<31>     |   11.294|
read1<14>      |zero           |    9.633|
read1<15>      |result<0>      |   11.236|
read1<15>      |result<15>     |    9.415|
read1<15>      |result<16>     |   10.158|
read1<15>      |result<17>     |    9.849|
read1<15>      |result<18>     |    9.915|
read1<15>      |result<19>     |    9.932|
read1<15>      |result<20>     |    9.822|
read1<15>      |result<21>     |    9.936|
read1<15>      |result<22>     |   10.469|
read1<15>      |result<23>     |   10.290|
read1<15>      |result<24>     |   10.511|
read1<15>      |result<25>     |   10.640|
read1<15>      |result<26>     |   10.124|
read1<15>      |result<27>     |   10.547|
read1<15>      |result<28>     |   10.502|
read1<15>      |result<29>     |   10.445|
read1<15>      |result<30>     |   10.504|
read1<15>      |result<31>     |   11.079|
read1<15>      |zero           |    9.157|
read1<16>      |result<0>      |   11.361|
read1<16>      |result<16>     |    9.812|
read1<16>      |result<17>     |    9.924|
read1<16>      |result<18>     |   10.028|
read1<16>      |result<19>     |    9.802|
read1<16>      |result<20>     |    9.976|
read1<16>      |result<21>     |    9.905|
read1<16>      |result<22>     |   10.474|
read1<16>      |result<23>     |   10.259|
read1<16>      |result<24>     |   10.480|
read1<16>      |result<25>     |   10.979|
read1<16>      |result<26>     |   10.463|
read1<16>      |result<27>     |   10.516|
read1<16>      |result<28>     |   10.471|
read1<16>      |result<29>     |   10.784|
read1<16>      |result<30>     |   10.706|
read1<16>      |result<31>     |   11.086|
read1<16>      |zero           |    9.427|
read1<17>      |result<0>      |   11.153|
read1<17>      |result<17>     |    9.844|
read1<17>      |result<18>     |   10.132|
read1<17>      |result<19>     |    9.908|
read1<17>      |result<20>     |   10.069|
read1<17>      |result<21>     |   10.001|
read1<17>      |result<22>     |   10.567|
read1<17>      |result<23>     |   10.355|
read1<17>      |result<24>     |   10.576|
read1<17>      |result<25>     |   11.072|
read1<17>      |result<26>     |   10.556|
read1<17>      |result<27>     |   10.612|
read1<17>      |result<28>     |   10.567|
read1<17>      |result<29>     |   10.877|
read1<17>      |result<30>     |   10.799|
read1<17>      |result<31>     |   11.179|
read1<17>      |zero           |    9.284|
read1<18>      |result<0>      |   11.397|
read1<18>      |result<18>     |    9.881|
read1<18>      |result<19>     |    9.614|
read1<18>      |result<20>     |    9.967|
read1<18>      |result<21>     |    9.817|
read1<18>      |result<22>     |   10.465|
read1<18>      |result<23>     |   10.238|
read1<18>      |result<24>     |   10.392|
read1<18>      |result<25>     |   10.970|
read1<18>      |result<26>     |   10.454|
read1<18>      |result<27>     |   10.428|
read1<18>      |result<28>     |   10.383|
read1<18>      |result<29>     |   10.775|
read1<18>      |result<30>     |   10.697|
read1<18>      |result<31>     |   11.077|
read1<18>      |zero           |    9.267|
read1<19>      |result<0>      |   11.196|
read1<19>      |result<19>     |    9.503|
read1<19>      |result<20>     |    9.681|
read1<19>      |result<21>     |    9.795|
read1<19>      |result<22>     |   10.328|
read1<19>      |result<23>     |   10.149|
read1<19>      |result<24>     |   10.370|
read1<19>      |result<25>     |   10.549|
read1<19>      |result<26>     |   10.033|
read1<19>      |result<27>     |   10.406|
read1<19>      |result<28>     |   10.361|
read1<19>      |result<29>     |   10.354|
read1<19>      |result<30>     |   10.363|
read1<19>      |result<31>     |   10.938|
read1<19>      |zero           |    9.161|
read1<20>      |result<0>      |   11.349|
read1<20>      |result<20>     |    9.695|
read1<20>      |result<21>     |    9.588|
read1<20>      |result<22>     |   10.419|
read1<20>      |result<23>     |   10.182|
read1<20>      |result<24>     |   10.392|
read1<20>      |result<25>     |   11.013|
read1<20>      |result<26>     |   10.497|
read1<20>      |result<27>     |   10.428|
read1<20>      |result<28>     |   10.383|
read1<20>      |result<29>     |   10.818|
read1<20>      |result<30>     |   10.740|
read1<20>      |result<31>     |   11.120|
read1<20>      |zero           |    8.962|
read1<21>      |result<0>      |   11.438|
read1<21>      |result<21>     |    9.183|
read1<21>      |result<22>     |   10.198|
read1<21>      |result<23>     |    9.960|
read1<21>      |result<24>     |   10.097|
read1<21>      |result<25>     |   10.781|
read1<21>      |result<26>     |   10.265|
read1<21>      |result<27>     |   10.022|
read1<21>      |result<28>     |    9.887|
read1<21>      |result<29>     |   10.586|
read1<21>      |result<30>     |   10.508|
read1<21>      |result<31>     |   10.888|
read1<21>      |zero           |    8.886|
read1<22>      |result<0>      |   11.155|
read1<22>      |result<22>     |    9.903|
read1<22>      |result<23>     |    9.704|
read1<22>      |result<24>     |    9.951|
read1<22>      |result<25>     |   10.635|
read1<22>      |result<26>     |   10.119|
read1<22>      |result<27>     |    9.876|
read1<22>      |result<28>     |    9.810|
read1<22>      |result<29>     |   10.440|
read1<22>      |result<30>     |   10.362|
read1<22>      |result<31>     |   10.742|
read1<22>      |zero           |    9.130|
read1<23>      |result<0>      |   10.795|
read1<23>      |result<23>     |    9.673|
read1<23>      |result<24>     |   10.009|
read1<23>      |result<25>     |   10.693|
read1<23>      |result<26>     |   10.177|
read1<23>      |result<27>     |    9.934|
read1<23>      |result<28>     |    9.799|
read1<23>      |result<29>     |   10.498|
read1<23>      |result<30>     |   10.420|
read1<23>      |result<31>     |   10.800|
read1<23>      |zero           |    8.502|
read1<24>      |result<0>      |   10.879|
read1<24>      |result<24>     |    9.372|
read1<24>      |result<25>     |    9.950|
read1<24>      |result<26>     |    9.621|
read1<24>      |result<27>     |    9.624|
read1<24>      |result<28>     |    9.678|
read1<24>      |result<29>     |   10.021|
read1<24>      |result<30>     |    9.943|
read1<24>      |result<31>     |   10.323|
read1<24>      |zero           |    9.038|
read1<25>      |result<0>      |   10.771|
read1<25>      |result<25>     |   10.463|
read1<25>      |result<26>     |   10.306|
read1<25>      |result<27>     |   10.062|
read1<25>      |result<28>     |   10.106|
read1<25>      |result<29>     |   10.705|
read1<25>      |result<30>     |   10.627|
read1<25>      |result<31>     |   11.007|
read1<25>      |zero           |    8.726|
read1<26>      |result<0>      |   11.063|
read1<26>      |result<26>     |    9.402|
read1<26>      |result<27>     |    9.765|
read1<26>      |result<28>     |    9.919|
read1<26>      |result<29>     |    9.950|
read1<26>      |result<30>     |    9.921|
read1<26>      |result<31>     |   10.496|
read1<26>      |zero           |    8.755|
read1<27>      |result<0>      |   10.764|
read1<27>      |result<27>     |    9.633|
read1<27>      |result<28>     |    9.876|
read1<27>      |result<29>     |   10.311|
read1<27>      |result<30>     |   10.233|
read1<27>      |result<31>     |   10.613|
read1<27>      |zero           |    8.931|
read1<28>      |result<0>      |   10.663|
read1<28>      |result<28>     |    9.583|
read1<28>      |result<29>     |   10.012|
read1<28>      |result<30>     |   10.109|
read1<28>      |result<31>     |   10.479|
read1<28>      |zero           |    8.570|
read1<29>      |result<0>      |   10.921|
read1<29>      |result<29>     |    9.822|
read1<29>      |result<30>     |   10.103|
read1<29>      |result<31>     |   10.472|
read1<29>      |zero           |    8.662|
read1<30>      |result<0>      |   10.225|
read1<30>      |result<30>     |   10.120|
read1<30>      |result<31>     |   10.528|
read1<30>      |zero           |    8.742|
read1<31>      |result<0>      |   10.436|
read1<31>      |result<31>     |    9.946|
read1<31>      |zero           |    8.482|
read2<0>       |result<0>      |   11.548|
read2<0>       |result<1>      |   10.376|
read2<0>       |result<2>      |   10.191|
read2<0>       |result<3>      |   10.137|
read2<0>       |result<4>      |   10.495|
read2<0>       |result<5>      |   10.245|
read2<0>       |result<6>      |   10.375|
read2<0>       |result<7>      |   10.015|
read2<0>       |result<8>      |   10.219|
read2<0>       |result<9>      |   10.208|
read2<0>       |result<10>     |   10.681|
read2<0>       |result<11>     |   10.171|
read2<0>       |result<12>     |   10.450|
read2<0>       |result<13>     |   10.689|
read2<0>       |result<14>     |   10.659|
read2<0>       |result<15>     |   10.432|
read2<0>       |result<16>     |   10.887|
read2<0>       |result<17>     |   10.763|
read2<0>       |result<18>     |   10.692|
read2<0>       |result<19>     |   10.661|
read2<0>       |result<20>     |   10.551|
read2<0>       |result<21>     |   10.665|
read2<0>       |result<22>     |   11.198|
read2<0>       |result<23>     |   11.019|
read2<0>       |result<24>     |   11.240|
read2<0>       |result<25>     |   11.554|
read2<0>       |result<26>     |   11.038|
read2<0>       |result<27>     |   11.276|
read2<0>       |result<28>     |   11.231|
read2<0>       |result<29>     |   11.359|
read2<0>       |result<30>     |   11.281|
read2<0>       |result<31>     |   11.808|
read2<0>       |zero           |    8.748|
read2<1>       |result<0>      |   11.060|
read2<1>       |result<1>      |   10.258|
read2<1>       |result<2>      |   10.257|
read2<1>       |result<3>      |   10.155|
read2<1>       |result<4>      |   10.541|
read2<1>       |result<5>      |   10.253|
read2<1>       |result<6>      |   10.383|
read2<1>       |result<7>      |   10.023|
read2<1>       |result<8>      |   10.246|
read2<1>       |result<9>      |   10.216|
read2<1>       |result<10>     |   10.736|
read2<1>       |result<11>     |   10.226|
read2<1>       |result<12>     |   10.458|
read2<1>       |result<13>     |   10.744|
read2<1>       |result<14>     |   10.714|
read2<1>       |result<15>     |   10.440|
read2<1>       |result<16>     |   10.895|
read2<1>       |result<17>     |   10.818|
read2<1>       |result<18>     |   10.747|
read2<1>       |result<19>     |   10.669|
read2<1>       |result<20>     |   10.606|
read2<1>       |result<21>     |   10.673|
read2<1>       |result<22>     |   11.206|
read2<1>       |result<23>     |   11.027|
read2<1>       |result<24>     |   11.248|
read2<1>       |result<25>     |   11.609|
read2<1>       |result<26>     |   11.093|
read2<1>       |result<27>     |   11.284|
read2<1>       |result<28>     |   11.239|
read2<1>       |result<29>     |   11.414|
read2<1>       |result<30>     |   11.336|
read2<1>       |result<31>     |   11.816|
read2<1>       |zero           |    8.957|
read2<2>       |result<0>      |   11.067|
read2<2>       |result<2>      |    9.749|
read2<2>       |result<3>      |    9.462|
read2<2>       |result<4>      |   10.182|
read2<2>       |result<5>      |    9.670|
read2<2>       |result<6>      |    9.800|
read2<2>       |result<7>      |    9.610|
read2<2>       |result<8>      |    9.887|
read2<2>       |result<9>      |    9.670|
read2<2>       |result<10>     |   10.377|
read2<2>       |result<11>     |    9.867|
read2<2>       |result<12>     |    9.875|
read2<2>       |result<13>     |   10.385|
read2<2>       |result<14>     |   10.355|
read2<2>       |result<15>     |    9.857|
read2<2>       |result<16>     |   10.312|
read2<2>       |result<17>     |   10.459|
read2<2>       |result<18>     |   10.388|
read2<2>       |result<19>     |   10.086|
read2<2>       |result<20>     |   10.247|
read2<2>       |result<21>     |   10.090|
read2<2>       |result<22>     |   10.745|
read2<2>       |result<23>     |   10.518|
read2<2>       |result<24>     |   10.665|
read2<2>       |result<25>     |   11.250|
read2<2>       |result<26>     |   10.734|
read2<2>       |result<27>     |   10.701|
read2<2>       |result<28>     |   10.656|
read2<2>       |result<29>     |   11.055|
read2<2>       |result<30>     |   10.977|
read2<2>       |result<31>     |   11.357|
read2<2>       |zero           |    9.002|
read2<3>       |result<0>      |   11.317|
read2<3>       |result<3>      |    9.549|
read2<3>       |result<4>      |   10.329|
read2<3>       |result<5>      |    9.846|
read2<3>       |result<6>      |    9.976|
read2<3>       |result<7>      |    9.757|
read2<3>       |result<8>      |   10.034|
read2<3>       |result<9>      |    9.817|
read2<3>       |result<10>     |   10.524|
read2<3>       |result<11>     |   10.014|
read2<3>       |result<12>     |   10.051|
read2<3>       |result<13>     |   10.532|
read2<3>       |result<14>     |   10.502|
read2<3>       |result<15>     |   10.033|
read2<3>       |result<16>     |   10.488|
read2<3>       |result<17>     |   10.606|
read2<3>       |result<18>     |   10.535|
read2<3>       |result<19>     |   10.262|
read2<3>       |result<20>     |   10.394|
read2<3>       |result<21>     |   10.266|
read2<3>       |result<22>     |   10.892|
read2<3>       |result<23>     |   10.665|
read2<3>       |result<24>     |   10.841|
read2<3>       |result<25>     |   11.397|
read2<3>       |result<26>     |   10.881|
read2<3>       |result<27>     |   10.877|
read2<3>       |result<28>     |   10.832|
read2<3>       |result<29>     |   11.202|
read2<3>       |result<30>     |   11.124|
read2<3>       |result<31>     |   11.504|
read2<3>       |zero           |    8.889|
read2<4>       |result<0>      |   11.025|
read2<4>       |result<4>      |    9.934|
read2<4>       |result<5>      |    9.735|
read2<4>       |result<6>      |   10.040|
read2<4>       |result<7>      |    9.670|
read2<4>       |result<8>      |    9.973|
read2<4>       |result<9>      |    9.962|
read2<4>       |result<10>     |   10.179|
read2<4>       |result<11>     |    9.797|
read2<4>       |result<12>     |   10.204|
read2<4>       |result<13>     |   10.187|
read2<4>       |result<14>     |   10.365|
read2<4>       |result<15>     |   10.186|
read2<4>       |result<16>     |   10.641|
read2<4>       |result<17>     |   10.261|
read2<4>       |result<18>     |   10.398|
read2<4>       |result<19>     |   10.415|
read2<4>       |result<20>     |   10.305|
read2<4>       |result<21>     |   10.419|
read2<4>       |result<22>     |   10.952|
read2<4>       |result<23>     |   10.773|
read2<4>       |result<24>     |   10.994|
read2<4>       |result<25>     |   11.052|
read2<4>       |result<26>     |   10.536|
read2<4>       |result<27>     |   11.030|
read2<4>       |result<28>     |   10.985|
read2<4>       |result<29>     |   10.857|
read2<4>       |result<30>     |   10.987|
read2<4>       |result<31>     |   11.562|
read2<4>       |zero           |    8.493|
read2<5>       |result<0>      |   10.922|
read2<5>       |result<5>      |    9.456|
read2<5>       |result<6>      |    9.945|
read2<5>       |result<7>      |    9.574|
read2<5>       |result<8>      |    9.884|
read2<5>       |result<9>      |    9.856|
read2<5>       |result<10>     |   10.374|
read2<5>       |result<11>     |    9.864|
read2<5>       |result<12>     |   10.098|
read2<5>       |result<13>     |   10.382|
read2<5>       |result<14>     |   10.352|
read2<5>       |result<15>     |   10.080|
read2<5>       |result<16>     |   10.535|
read2<5>       |result<17>     |   10.456|
read2<5>       |result<18>     |   10.385|
read2<5>       |result<19>     |   10.309|
read2<5>       |result<20>     |   10.244|
read2<5>       |result<21>     |   10.313|
read2<5>       |result<22>     |   10.846|
read2<5>       |result<23>     |   10.667|
read2<5>       |result<24>     |   10.888|
read2<5>       |result<25>     |   11.247|
read2<5>       |result<26>     |   10.731|
read2<5>       |result<27>     |   10.924|
read2<5>       |result<28>     |   10.879|
read2<5>       |result<29>     |   11.052|
read2<5>       |result<30>     |   10.974|
read2<5>       |result<31>     |   11.456|
read2<5>       |zero           |    8.473|
read2<6>       |result<0>      |   11.060|
read2<6>       |result<6>      |    9.360|
read2<6>       |result<7>      |    9.306|
read2<6>       |result<8>      |    9.782|
read2<6>       |result<9>      |    9.565|
read2<6>       |result<10>     |   10.272|
read2<6>       |result<11>     |    9.762|
read2<6>       |result<12>     |    9.662|
read2<6>       |result<13>     |   10.280|
read2<6>       |result<14>     |   10.250|
read2<6>       |result<15>     |    9.653|
read2<6>       |result<16>     |   10.099|
read2<6>       |result<17>     |   10.354|
read2<6>       |result<18>     |   10.283|
read2<6>       |result<19>     |    9.882|
read2<6>       |result<20>     |   10.142|
read2<6>       |result<21>     |    9.984|
read2<6>       |result<22>     |   10.640|
read2<6>       |result<23>     |   10.413|
read2<6>       |result<24>     |   10.461|
read2<6>       |result<25>     |   11.145|
read2<6>       |result<26>     |   10.629|
read2<6>       |result<27>     |   10.488|
read2<6>       |result<28>     |   10.443|
read2<6>       |result<29>     |   10.950|
read2<6>       |result<30>     |   10.872|
read2<6>       |result<31>     |   11.252|
read2<6>       |zero           |    8.816|
read2<7>       |result<0>      |   11.042|
read2<7>       |result<7>      |    9.175|
read2<7>       |result<8>      |    9.705|
read2<7>       |result<9>      |    9.656|
read2<7>       |result<10>     |   10.195|
read2<7>       |result<11>     |    9.685|
read2<7>       |result<12>     |    9.898|
read2<7>       |result<13>     |   10.203|
read2<7>       |result<14>     |   10.173|
read2<7>       |result<15>     |    9.880|
read2<7>       |result<16>     |   10.335|
read2<7>       |result<17>     |   10.277|
read2<7>       |result<18>     |   10.206|
read2<7>       |result<19>     |   10.109|
read2<7>       |result<20>     |   10.065|
read2<7>       |result<21>     |   10.113|
read2<7>       |result<22>     |   10.646|
read2<7>       |result<23>     |   10.467|
read2<7>       |result<24>     |   10.688|
read2<7>       |result<25>     |   11.068|
read2<7>       |result<26>     |   10.552|
read2<7>       |result<27>     |   10.724|
read2<7>       |result<28>     |   10.679|
read2<7>       |result<29>     |   10.873|
read2<7>       |result<30>     |   10.795|
read2<7>       |result<31>     |   11.256|
read2<7>       |zero           |    8.605|
read2<8>       |result<0>      |   11.062|
read2<8>       |result<8>      |    9.407|
read2<8>       |result<9>      |    9.369|
read2<8>       |result<10>     |   10.123|
read2<8>       |result<11>     |    9.603|
read2<8>       |result<12>     |    9.875|
read2<8>       |result<13>     |   10.220|
read2<8>       |result<14>     |   10.190|
read2<8>       |result<15>     |    9.857|
read2<8>       |result<16>     |   10.312|
read2<8>       |result<17>     |   10.294|
read2<8>       |result<18>     |   10.223|
read2<8>       |result<19>     |   10.086|
read2<8>       |result<20>     |   10.082|
read2<8>       |result<21>     |   10.090|
read2<8>       |result<22>     |   10.623|
read2<8>       |result<23>     |   10.444|
read2<8>       |result<24>     |   10.665|
read2<8>       |result<25>     |   11.085|
read2<8>       |result<26>     |   10.569|
read2<8>       |result<27>     |   10.701|
read2<8>       |result<28>     |   10.656|
read2<8>       |result<29>     |   10.890|
read2<8>       |result<30>     |   10.812|
read2<8>       |result<31>     |   11.233|
read2<8>       |zero           |    8.501|
read2<9>       |result<0>      |   10.783|
read2<9>       |result<9>      |    9.202|
read2<9>       |result<10>     |   10.177|
read2<9>       |result<11>     |    9.656|
read2<9>       |result<12>     |    9.881|
read2<9>       |result<13>     |   10.263|
read2<9>       |result<14>     |   10.233|
read2<9>       |result<15>     |    9.863|
read2<9>       |result<16>     |   10.318|
read2<9>       |result<17>     |   10.337|
read2<9>       |result<18>     |   10.266|
read2<9>       |result<19>     |   10.092|
read2<9>       |result<20>     |   10.125|
read2<9>       |result<21>     |   10.096|
read2<9>       |result<22>     |   10.629|
read2<9>       |result<23>     |   10.450|
read2<9>       |result<24>     |   10.671|
read2<9>       |result<25>     |   11.128|
read2<9>       |result<26>     |   10.612|
read2<9>       |result<27>     |   10.707|
read2<9>       |result<28>     |   10.662|
read2<9>       |result<29>     |   10.933|
read2<9>       |result<30>     |   10.855|
read2<9>       |result<31>     |   11.239|
read2<9>       |zero           |    8.820|
read2<10>      |result<0>      |   10.556|
read2<10>      |result<10>     |    9.538|
read2<10>      |result<11>     |    9.056|
read2<10>      |result<12>     |    9.573|
read2<10>      |result<13>     |    9.773|
read2<10>      |result<14>     |    9.743|
read2<10>      |result<15>     |    9.555|
read2<10>      |result<16>     |   10.010|
read2<10>      |result<17>     |    9.847|
read2<10>      |result<18>     |    9.776|
read2<10>      |result<19>     |    9.784|
read2<10>      |result<20>     |    9.674|
read2<10>      |result<21>     |    9.788|
read2<10>      |result<22>     |   10.321|
read2<10>      |result<23>     |   10.142|
read2<10>      |result<24>     |   10.363|
read2<10>      |result<25>     |   10.638|
read2<10>      |result<26>     |   10.122|
read2<10>      |result<27>     |   10.399|
read2<10>      |result<28>     |   10.354|
read2<10>      |result<29>     |   10.443|
read2<10>      |result<30>     |   10.365|
read2<10>      |result<31>     |   10.931|
read2<10>      |zero           |    8.567|
read2<11>      |result<0>      |   10.869|
read2<11>      |result<11>     |    9.605|
read2<11>      |result<12>     |    9.736|
read2<11>      |result<13>     |   10.411|
read2<11>      |result<14>     |   10.381|
read2<11>      |result<15>     |    9.784|
read2<11>      |result<16>     |   10.033|
read2<11>      |result<17>     |   10.485|
read2<11>      |result<18>     |   10.414|
read2<11>      |result<19>     |   10.013|
read2<11>      |result<20>     |   10.273|
read2<11>      |result<21>     |   10.115|
read2<11>      |result<22>     |   10.771|
read2<11>      |result<23>     |   10.544|
read2<11>      |result<24>     |   10.592|
read2<11>      |result<25>     |   11.276|
read2<11>      |result<26>     |   10.760|
read2<11>      |result<27>     |   10.517|
read2<11>      |result<28>     |   10.382|
read2<11>      |result<29>     |   11.081|
read2<11>      |result<30>     |   11.003|
read2<11>      |result<31>     |   11.383|
read2<11>      |zero           |    8.594|
read2<12>      |result<0>      |   10.738|
read2<12>      |result<12>     |    9.123|
read2<12>      |result<13>     |    9.490|
read2<12>      |result<14>     |    9.635|
read2<12>      |result<15>     |    9.321|
read2<12>      |result<16>     |    9.875|
read2<12>      |result<17>     |    9.828|
read2<12>      |result<18>     |    9.757|
read2<12>      |result<19>     |    9.649|
read2<12>      |result<20>     |    9.616|
read2<12>      |result<21>     |    9.653|
read2<12>      |result<22>     |   10.186|
read2<12>      |result<23>     |   10.007|
read2<12>      |result<24>     |   10.228|
read2<12>      |result<25>     |   10.619|
read2<12>      |result<26>     |   10.103|
read2<12>      |result<27>     |   10.264|
read2<12>      |result<28>     |   10.219|
read2<12>      |result<29>     |   10.424|
read2<12>      |result<30>     |   10.346|
read2<12>      |result<31>     |   10.796|
read2<12>      |zero           |    8.270|
read2<13>      |result<0>      |   10.527|
read2<13>      |result<13>     |    9.198|
read2<13>      |result<14>     |    9.658|
read2<13>      |result<15>     |    9.468|
read2<13>      |result<16>     |   10.012|
read2<13>      |result<17>     |    9.709|
read2<13>      |result<18>     |    9.769|
read2<13>      |result<19>     |    9.786|
read2<13>      |result<20>     |    9.676|
read2<13>      |result<21>     |    9.790|
read2<13>      |result<22>     |   10.323|
read2<13>      |result<23>     |   10.144|
read2<13>      |result<24>     |   10.365|
read2<13>      |result<25>     |   10.500|
read2<13>      |result<26>     |    9.984|
read2<13>      |result<27>     |   10.401|
read2<13>      |result<28>     |   10.356|
read2<13>      |result<29>     |   10.305|
read2<13>      |result<30>     |   10.358|
read2<13>      |result<31>     |   10.933|
read2<13>      |zero           |    8.455|
read2<14>      |result<0>      |   10.490|
read2<14>      |result<14>     |    9.566|
read2<14>      |result<15>     |    8.997|
read2<14>      |result<16>     |    9.445|
read2<14>      |result<17>     |    9.897|
read2<14>      |result<18>     |    9.826|
read2<14>      |result<19>     |    9.425|
read2<14>      |result<20>     |    9.685|
read2<14>      |result<21>     |    9.527|
read2<14>      |result<22>     |   10.183|
read2<14>      |result<23>     |    9.956|
read2<14>      |result<24>     |   10.004|
read2<14>      |result<25>     |   10.688|
read2<14>      |result<26>     |   10.172|
read2<14>      |result<27>     |    9.929|
read2<14>      |result<28>     |    9.794|
read2<14>      |result<29>     |   10.493|
read2<14>      |result<30>     |   10.415|
read2<14>      |result<31>     |   10.795|
read2<14>      |zero           |    8.068|
read2<15>      |result<0>      |   10.524|
read2<15>      |result<15>     |    8.679|
read2<15>      |result<16>     |    9.422|
read2<15>      |result<17>     |    9.582|
read2<15>      |result<18>     |    9.511|
read2<15>      |result<19>     |    9.196|
read2<15>      |result<20>     |    9.370|
read2<15>      |result<21>     |    9.212|
read2<15>      |result<22>     |    9.868|
read2<15>      |result<23>     |    9.641|
read2<15>      |result<24>     |    9.775|
read2<15>      |result<25>     |   10.373|
read2<15>      |result<26>     |    9.857|
read2<15>      |result<27>     |    9.811|
read2<15>      |result<28>     |    9.766|
read2<15>      |result<29>     |   10.178|
read2<15>      |result<30>     |   10.100|
read2<15>      |result<31>     |   10.480|
read2<15>      |zero           |    8.065|
read2<16>      |result<0>      |   10.603|
read2<16>      |result<16>     |    9.234|
read2<16>      |result<17>     |    9.483|
read2<16>      |result<18>     |    9.587|
read2<16>      |result<19>     |    9.224|
read2<16>      |result<20>     |    9.535|
read2<16>      |result<21>     |    9.377|
read2<16>      |result<22>     |   10.033|
read2<16>      |result<23>     |    9.806|
read2<16>      |result<24>     |    9.902|
read2<16>      |result<25>     |   10.538|
read2<16>      |result<26>     |   10.022|
read2<16>      |result<27>     |    9.938|
read2<16>      |result<28>     |    9.893|
read2<16>      |result<29>     |   10.343|
read2<16>      |result<30>     |   10.265|
read2<16>      |result<31>     |   10.645|
read2<16>      |zero           |    8.135|
read2<17>      |result<0>      |   10.366|
read2<17>      |result<17>     |    8.931|
read2<17>      |result<18>     |    9.456|
read2<17>      |result<19>     |    9.462|
read2<17>      |result<20>     |    9.441|
read2<17>      |result<21>     |    9.555|
read2<17>      |result<22>     |   10.088|
read2<17>      |result<23>     |    9.909|
read2<17>      |result<24>     |   10.130|
read2<17>      |result<25>     |   10.159|
read2<17>      |result<26>     |    9.650|
read2<17>      |result<27>     |   10.166|
read2<17>      |result<28>     |   10.121|
read2<17>      |result<29>     |    9.964|
read2<17>      |result<30>     |   10.123|
read2<17>      |result<31>     |   10.698|
read2<17>      |zero           |    8.632|
read2<18>      |result<0>      |   10.491|
read2<18>      |result<18>     |    9.006|
read2<18>      |result<19>     |    8.945|
read2<18>      |result<20>     |    9.092|
read2<18>      |result<21>     |    9.148|
read2<18>      |result<22>     |    9.681|
read2<18>      |result<23>     |    9.502|
read2<18>      |result<24>     |    9.723|
read2<18>      |result<25>     |   10.095|
read2<18>      |result<26>     |    9.579|
read2<18>      |result<27>     |    9.759|
read2<18>      |result<28>     |    9.714|
read2<18>      |result<29>     |    9.900|
read2<18>      |result<30>     |    9.822|
read2<18>      |result<31>     |   10.291|
read2<18>      |zero           |    8.202|
read2<19>      |result<0>      |   10.279|
read2<19>      |result<19>     |    8.751|
read2<19>      |result<20>     |    8.982|
read2<19>      |result<21>     |    9.043|
read2<19>      |result<22>     |    9.576|
read2<19>      |result<23>     |    9.397|
read2<19>      |result<24>     |    9.618|
read2<19>      |result<25>     |    9.985|
read2<19>      |result<26>     |    9.469|
read2<19>      |result<27>     |    9.654|
read2<19>      |result<28>     |    9.609|
read2<19>      |result<29>     |    9.790|
read2<19>      |result<30>     |    9.712|
read2<19>      |result<31>     |   10.186|
read2<19>      |zero           |    7.897|
read2<20>      |result<0>      |   10.346|
read2<20>      |result<20>     |    8.942|
read2<20>      |result<21>     |    9.031|
read2<20>      |result<22>     |    9.739|
read2<20>      |result<23>     |    9.550|
read2<20>      |result<24>     |    9.870|
read2<20>      |result<25>     |   10.260|
read2<20>      |result<26>     |    9.744|
read2<20>      |result<27>     |    9.906|
read2<20>      |result<28>     |    9.861|
read2<20>      |result<29>     |   10.065|
read2<20>      |result<30>     |    9.987|
read2<20>      |result<31>     |   10.438|
read2<20>      |zero           |    8.250|
read2<21>      |result<0>      |   10.011|
read2<21>      |result<21>     |    8.498|
read2<21>      |result<22>     |    9.390|
read2<21>      |result<23>     |    9.200|
read2<21>      |result<24>     |    9.510|
read2<21>      |result<25>     |    9.881|
read2<21>      |result<26>     |    9.365|
read2<21>      |result<27>     |    9.546|
read2<21>      |result<28>     |    9.501|
read2<21>      |result<29>     |    9.686|
read2<21>      |result<30>     |    9.608|
read2<21>      |result<31>     |   10.078|
read2<21>      |zero           |    8.183|
read2<22>      |result<0>      |   10.335|
read2<22>      |result<22>     |    9.395|
read2<22>      |result<23>     |    9.196|
read2<22>      |result<24>     |    9.606|
read2<22>      |result<25>     |   10.127|
read2<22>      |result<26>     |    9.611|
read2<22>      |result<27>     |    9.642|
read2<22>      |result<28>     |    9.597|
read2<22>      |result<29>     |    9.932|
read2<22>      |result<30>     |    9.854|
read2<22>      |result<31>     |   10.234|
read2<22>      |zero           |    8.073|
read2<23>      |result<0>      |   10.241|
read2<23>      |result<23>     |    9.245|
read2<23>      |result<24>     |    9.689|
read2<23>      |result<25>     |   10.265|
read2<23>      |result<26>     |    9.749|
read2<23>      |result<27>     |    9.725|
read2<23>      |result<28>     |    9.680|
read2<23>      |result<29>     |   10.070|
read2<23>      |result<30>     |    9.992|
read2<23>      |result<31>     |   10.372|
read2<23>      |zero           |    8.129|
read2<24>      |result<0>      |   10.532|
read2<24>      |result<24>     |    9.652|
read2<24>      |result<25>     |   10.321|
read2<24>      |result<26>     |    9.980|
read2<24>      |result<27>     |    9.904|
read2<24>      |result<28>     |    9.958|
read2<24>      |result<29>     |   10.390|
read2<24>      |result<30>     |   10.312|
read2<24>      |result<31>     |   10.692|
read2<24>      |zero           |    8.500|
read2<25>      |result<0>      |   10.598|
read2<25>      |result<25>     |    9.981|
read2<25>      |result<26>     |    9.824|
read2<25>      |result<27>     |    9.570|
read2<25>      |result<28>     |    9.524|
read2<25>      |result<29>     |   10.223|
read2<25>      |result<30>     |   10.145|
read2<25>      |result<31>     |   10.525|
read2<25>      |zero           |    7.996|
read2<26>      |result<0>      |   10.553|
read2<26>      |result<26>     |    9.175|
read2<26>      |result<27>     |    9.719|
read2<26>      |result<28>     |    9.873|
read2<26>      |result<29>     |    9.716|
read2<26>      |result<30>     |    9.875|
read2<26>      |result<31>     |   10.450|
read2<26>      |zero           |    8.197|
read2<27>      |result<0>      |   10.640|
read2<27>      |result<27>     |    9.465|
read2<27>      |result<28>     |    9.708|
read2<27>      |result<29>     |   10.072|
read2<27>      |result<30>     |    9.994|
read2<27>      |result<31>     |   10.374|
read2<27>      |zero           |    8.601|
read2<28>      |result<0>      |    9.951|
read2<28>      |result<28>     |    9.366|
read2<28>      |result<29>     |    9.621|
read2<28>      |result<30>     |    9.718|
read2<28>      |result<31>     |   10.159|
read2<28>      |zero           |    7.902|
read2<29>      |result<0>      |   10.449|
read2<29>      |result<29>     |    9.378|
read2<29>      |result<30>     |    9.659|
read2<29>      |result<31>     |   10.128|
read2<29>      |zero           |    8.218|
read2<30>      |result<0>      |   10.646|
read2<30>      |result<30>     |    9.542|
read2<30>      |result<31>     |   10.145|
read2<30>      |zero           |    8.565|
read2<31>      |result<0>      |   10.708|
read2<31>      |result<31>     |    9.871|
read2<31>      |zero           |    8.280|
---------------+---------------+---------+


Analysis completed Thu Mar 23 12:14:36 2017 
--------------------------------------------------------------------------------

Trace Settings:
-------------------------
Trace Settings 

Peak Memory Usage: 617 MB



