--------------------------------------------------------------------------------
Release 14.7 Trace  (nt64)
Copyright (c) 1995-2013 Xilinx, Inc.  All rights reserved.

C:\Xilinx\14.7\ISE_DS\ISE\bin\nt64\unwrapped\trce.exe -intstyle ise -v 3 -s 2I
-n 3 -fastpaths -xml PC.twx PC.ncd -o PC.twr PC.pcf

Design file:              PC.ncd
Physical constraint file: PC.pcf
Device,package,speed:     xa7a100t,csg324,I,-2I (PRELIMINARY 1.07 2013-10-13)
Report level:             verbose report

Environment Variable      Effect 
--------------------      ------ 
NONE                      No environment variables were set
--------------------------------------------------------------------------------

INFO:Timing:2698 - No timing constraints found, doing default enumeration.
INFO:Timing:3412 - To improve timing, see the Timing Closure User Guide (UG612).
INFO:Timing:2752 - To get complete path coverage, use the unconstrained paths 
   option. All paths that are not constrained will be reported in the 
   unconstrained paths section(s) of the report.
INFO:Timing:3339 - The clock-to-out numbers in this timing report are based on 
   a 50 Ohm transmission line loading model.  For the details of this model, 
   and for more information on accounting for different loading conditions, 
   please see the device datasheet.



Data Sheet report:
-----------------
All values displayed in nanoseconds (ns)

Pad to Pad
---------------+---------------+---------+
Source Pad     |Destination Pad|  Delay  |
---------------+---------------+---------+
pc<0>          |out<0>         |    7.277|
pc<0>          |out<1>         |    7.534|
pc<0>          |out<2>         |    7.647|
pc<0>          |out<3>         |    7.678|
pc<0>          |out<4>         |    7.960|
pc<0>          |out<5>         |    7.963|
pc<0>          |out<6>         |    8.188|
pc<0>          |out<7>         |    7.984|
pc<0>          |out<8>         |    8.155|
pc<0>          |out<9>         |    8.347|
pc<0>          |out<10>        |    8.202|
pc<0>          |out<11>        |    8.217|
pc<0>          |out<12>        |    8.262|
pc<0>          |out<13>        |    8.353|
pc<0>          |out<14>        |    8.430|
pc<0>          |out<15>        |    8.606|
pc<0>          |out<16>        |    8.513|
pc<0>          |out<17>        |    8.593|
pc<0>          |out<18>        |    9.560|
pc<0>          |out<19>        |    9.676|
pc<0>          |out<20>        |    9.583|
pc<0>          |out<21>        |    9.550|
pc<0>          |out<22>        |    9.651|
pc<0>          |out<23>        |    9.634|
pc<0>          |out<24>        |    9.760|
pc<0>          |out<25>        |    9.655|
pc<0>          |out<26>        |    9.685|
pc<0>          |out<27>        |    9.524|
pc<0>          |out<28>        |    9.525|
pc<0>          |out<29>        |    9.724|
pc<0>          |out<30>        |    9.733|
pc<0>          |out<31>        |    9.720|
pc<1>          |out<1>         |    7.045|
pc<1>          |out<2>         |    7.342|
pc<1>          |out<3>         |    7.372|
pc<1>          |out<4>         |    7.644|
pc<1>          |out<5>         |    7.647|
pc<1>          |out<6>         |    7.872|
pc<1>          |out<7>         |    7.668|
pc<1>          |out<8>         |    7.839|
pc<1>          |out<9>         |    8.031|
pc<1>          |out<10>        |    7.886|
pc<1>          |out<11>        |    7.901|
pc<1>          |out<12>        |    7.946|
pc<1>          |out<13>        |    8.037|
pc<1>          |out<14>        |    8.114|
pc<1>          |out<15>        |    8.290|
pc<1>          |out<16>        |    8.197|
pc<1>          |out<17>        |    8.277|
pc<1>          |out<18>        |    9.244|
pc<1>          |out<19>        |    9.360|
pc<1>          |out<20>        |    9.267|
pc<1>          |out<21>        |    9.234|
pc<1>          |out<22>        |    9.335|
pc<1>          |out<23>        |    9.318|
pc<1>          |out<24>        |    9.444|
pc<1>          |out<25>        |    9.339|
pc<1>          |out<26>        |    9.369|
pc<1>          |out<27>        |    9.208|
pc<1>          |out<28>        |    9.209|
pc<1>          |out<29>        |    9.408|
pc<1>          |out<30>        |    9.417|
pc<1>          |out<31>        |    9.404|
pc<2>          |out<2>         |    7.455|
pc<2>          |out<3>         |    7.524|
pc<2>          |out<4>         |    7.906|
pc<2>          |out<5>         |    7.909|
pc<2>          |out<6>         |    8.134|
pc<2>          |out<7>         |    7.930|
pc<2>          |out<8>         |    8.101|
pc<2>          |out<9>         |    8.293|
pc<2>          |out<10>        |    8.148|
pc<2>          |out<11>        |    8.163|
pc<2>          |out<12>        |    8.208|
pc<2>          |out<13>        |    8.299|
pc<2>          |out<14>        |    8.376|
pc<2>          |out<15>        |    8.552|
pc<2>          |out<16>        |    8.459|
pc<2>          |out<17>        |    8.539|
pc<2>          |out<18>        |    9.506|
pc<2>          |out<19>        |    9.622|
pc<2>          |out<20>        |    9.529|
pc<2>          |out<21>        |    9.496|
pc<2>          |out<22>        |    9.597|
pc<2>          |out<23>        |    9.580|
pc<2>          |out<24>        |    9.706|
pc<2>          |out<25>        |    9.601|
pc<2>          |out<26>        |    9.631|
pc<2>          |out<27>        |    9.470|
pc<2>          |out<28>        |    9.471|
pc<2>          |out<29>        |    9.670|
pc<2>          |out<30>        |    9.679|
pc<2>          |out<31>        |    9.666|
pc<3>          |out<3>         |    7.255|
pc<3>          |out<4>         |    7.726|
pc<3>          |out<5>         |    7.729|
pc<3>          |out<6>         |    7.954|
pc<3>          |out<7>         |    7.750|
pc<3>          |out<8>         |    7.921|
pc<3>          |out<9>         |    8.113|
pc<3>          |out<10>        |    7.968|
pc<3>          |out<11>        |    7.983|
pc<3>          |out<12>        |    8.028|
pc<3>          |out<13>        |    8.119|
pc<3>          |out<14>        |    8.196|
pc<3>          |out<15>        |    8.372|
pc<3>          |out<16>        |    8.279|
pc<3>          |out<17>        |    8.359|
pc<3>          |out<18>        |    9.326|
pc<3>          |out<19>        |    9.442|
pc<3>          |out<20>        |    9.349|
pc<3>          |out<21>        |    9.316|
pc<3>          |out<22>        |    9.417|
pc<3>          |out<23>        |    9.400|
pc<3>          |out<24>        |    9.526|
pc<3>          |out<25>        |    9.421|
pc<3>          |out<26>        |    9.451|
pc<3>          |out<27>        |    9.290|
pc<3>          |out<28>        |    9.291|
pc<3>          |out<29>        |    9.490|
pc<3>          |out<30>        |    9.499|
pc<3>          |out<31>        |    9.486|
pc<4>          |out<4>         |    7.073|
pc<4>          |out<5>         |    7.127|
pc<4>          |out<6>         |    7.527|
pc<4>          |out<7>         |    7.313|
pc<4>          |out<8>         |    7.583|
pc<4>          |out<9>         |    7.775|
pc<4>          |out<10>        |    7.630|
pc<4>          |out<11>        |    7.645|
pc<4>          |out<12>        |    7.690|
pc<4>          |out<13>        |    7.781|
pc<4>          |out<14>        |    7.858|
pc<4>          |out<15>        |    8.034|
pc<4>          |out<16>        |    7.941|
pc<4>          |out<17>        |    8.021|
pc<4>          |out<18>        |    8.988|
pc<4>          |out<19>        |    9.104|
pc<4>          |out<20>        |    9.011|
pc<4>          |out<21>        |    8.978|
pc<4>          |out<22>        |    9.079|
pc<4>          |out<23>        |    9.062|
pc<4>          |out<24>        |    9.188|
pc<4>          |out<25>        |    9.083|
pc<4>          |out<26>        |    9.113|
pc<4>          |out<27>        |    8.952|
pc<4>          |out<28>        |    8.953|
pc<4>          |out<29>        |    9.152|
pc<4>          |out<30>        |    9.161|
pc<4>          |out<31>        |    9.148|
pc<5>          |out<5>         |    7.300|
pc<5>          |out<6>         |    7.884|
pc<5>          |out<7>         |    7.669|
pc<5>          |out<8>         |    7.929|
pc<5>          |out<9>         |    8.121|
pc<5>          |out<10>        |    7.976|
pc<5>          |out<11>        |    7.991|
pc<5>          |out<12>        |    8.036|
pc<5>          |out<13>        |    8.127|
pc<5>          |out<14>        |    8.204|
pc<5>          |out<15>        |    8.380|
pc<5>          |out<16>        |    8.287|
pc<5>          |out<17>        |    8.367|
pc<5>          |out<18>        |    9.334|
pc<5>          |out<19>        |    9.450|
pc<5>          |out<20>        |    9.357|
pc<5>          |out<21>        |    9.324|
pc<5>          |out<22>        |    9.425|
pc<5>          |out<23>        |    9.408|
pc<5>          |out<24>        |    9.534|
pc<5>          |out<25>        |    9.429|
pc<5>          |out<26>        |    9.459|
pc<5>          |out<27>        |    9.298|
pc<5>          |out<28>        |    9.299|
pc<5>          |out<29>        |    9.498|
pc<5>          |out<30>        |    9.507|
pc<5>          |out<31>        |    9.494|
pc<6>          |out<6>         |    7.612|
pc<6>          |out<7>         |    7.436|
pc<6>          |out<8>         |    7.806|
pc<6>          |out<9>         |    7.998|
pc<6>          |out<10>        |    7.853|
pc<6>          |out<11>        |    7.868|
pc<6>          |out<12>        |    7.913|
pc<6>          |out<13>        |    8.004|
pc<6>          |out<14>        |    8.081|
pc<6>          |out<15>        |    8.257|
pc<6>          |out<16>        |    8.164|
pc<6>          |out<17>        |    8.244|
pc<6>          |out<18>        |    9.211|
pc<6>          |out<19>        |    9.327|
pc<6>          |out<20>        |    9.234|
pc<6>          |out<21>        |    9.201|
pc<6>          |out<22>        |    9.302|
pc<6>          |out<23>        |    9.285|
pc<6>          |out<24>        |    9.411|
pc<6>          |out<25>        |    9.306|
pc<6>          |out<26>        |    9.336|
pc<6>          |out<27>        |    9.175|
pc<6>          |out<28>        |    9.176|
pc<6>          |out<29>        |    9.375|
pc<6>          |out<30>        |    9.384|
pc<6>          |out<31>        |    9.371|
pc<7>          |out<7>         |    7.188|
pc<7>          |out<8>         |    7.647|
pc<7>          |out<9>         |    7.839|
pc<7>          |out<10>        |    7.694|
pc<7>          |out<11>        |    7.709|
pc<7>          |out<12>        |    7.754|
pc<7>          |out<13>        |    7.845|
pc<7>          |out<14>        |    7.922|
pc<7>          |out<15>        |    8.098|
pc<7>          |out<16>        |    8.005|
pc<7>          |out<17>        |    8.085|
pc<7>          |out<18>        |    9.052|
pc<7>          |out<19>        |    9.168|
pc<7>          |out<20>        |    9.075|
pc<7>          |out<21>        |    9.042|
pc<7>          |out<22>        |    9.143|
pc<7>          |out<23>        |    9.126|
pc<7>          |out<24>        |    9.252|
pc<7>          |out<25>        |    9.147|
pc<7>          |out<26>        |    9.177|
pc<7>          |out<27>        |    9.016|
pc<7>          |out<28>        |    9.017|
pc<7>          |out<29>        |    9.216|
pc<7>          |out<30>        |    9.225|
pc<7>          |out<31>        |    9.212|
pc<8>          |out<8>         |    6.872|
pc<8>          |out<9>         |    7.115|
pc<8>          |out<10>        |    7.145|
pc<8>          |out<11>        |    7.150|
pc<8>          |out<12>        |    7.294|
pc<8>          |out<13>        |    7.385|
pc<8>          |out<14>        |    7.462|
pc<8>          |out<15>        |    7.638|
pc<8>          |out<16>        |    7.545|
pc<8>          |out<17>        |    7.625|
pc<8>          |out<18>        |    8.592|
pc<8>          |out<19>        |    8.708|
pc<8>          |out<20>        |    8.615|
pc<8>          |out<21>        |    8.582|
pc<8>          |out<22>        |    8.683|
pc<8>          |out<23>        |    8.666|
pc<8>          |out<24>        |    8.792|
pc<8>          |out<25>        |    8.687|
pc<8>          |out<26>        |    8.717|
pc<8>          |out<27>        |    8.556|
pc<8>          |out<28>        |    8.557|
pc<8>          |out<29>        |    8.756|
pc<8>          |out<30>        |    8.765|
pc<8>          |out<31>        |    8.752|
pc<9>          |out<9>         |    7.272|
pc<9>          |out<10>        |    7.486|
pc<9>          |out<11>        |    7.490|
pc<9>          |out<12>        |    7.624|
pc<9>          |out<13>        |    7.715|
pc<9>          |out<14>        |    7.792|
pc<9>          |out<15>        |    7.968|
pc<9>          |out<16>        |    7.875|
pc<9>          |out<17>        |    7.955|
pc<9>          |out<18>        |    8.922|
pc<9>          |out<19>        |    9.038|
pc<9>          |out<20>        |    8.945|
pc<9>          |out<21>        |    8.912|
pc<9>          |out<22>        |    9.013|
pc<9>          |out<23>        |    8.996|
pc<9>          |out<24>        |    9.122|
pc<9>          |out<25>        |    9.017|
pc<9>          |out<26>        |    9.047|
pc<9>          |out<27>        |    8.886|
pc<9>          |out<28>        |    8.887|
pc<9>          |out<29>        |    9.086|
pc<9>          |out<30>        |    9.095|
pc<9>          |out<31>        |    9.082|
pc<10>         |out<10>        |    6.993|
pc<10>         |out<11>        |    7.036|
pc<10>         |out<12>        |    7.280|
pc<10>         |out<13>        |    7.371|
pc<10>         |out<14>        |    7.448|
pc<10>         |out<15>        |    7.624|
pc<10>         |out<16>        |    7.531|
pc<10>         |out<17>        |    7.611|
pc<10>         |out<18>        |    8.578|
pc<10>         |out<19>        |    8.694|
pc<10>         |out<20>        |    8.601|
pc<10>         |out<21>        |    8.568|
pc<10>         |out<22>        |    8.669|
pc<10>         |out<23>        |    8.652|
pc<10>         |out<24>        |    8.778|
pc<10>         |out<25>        |    8.673|
pc<10>         |out<26>        |    8.703|
pc<10>         |out<27>        |    8.542|
pc<10>         |out<28>        |    8.543|
pc<10>         |out<29>        |    8.742|
pc<10>         |out<30>        |    8.751|
pc<10>         |out<31>        |    8.738|
pc<11>         |out<11>        |    7.140|
pc<11>         |out<12>        |    7.473|
pc<11>         |out<13>        |    7.564|
pc<11>         |out<14>        |    7.641|
pc<11>         |out<15>        |    7.817|
pc<11>         |out<16>        |    7.724|
pc<11>         |out<17>        |    7.804|
pc<11>         |out<18>        |    8.771|
pc<11>         |out<19>        |    8.887|
pc<11>         |out<20>        |    8.794|
pc<11>         |out<21>        |    8.761|
pc<11>         |out<22>        |    8.862|
pc<11>         |out<23>        |    8.845|
pc<11>         |out<24>        |    8.971|
pc<11>         |out<25>        |    8.866|
pc<11>         |out<26>        |    8.896|
pc<11>         |out<27>        |    8.735|
pc<11>         |out<28>        |    8.736|
pc<11>         |out<29>        |    8.935|
pc<11>         |out<30>        |    8.944|
pc<11>         |out<31>        |    8.931|
pc<12>         |out<12>        |    7.137|
pc<12>         |out<13>        |    7.279|
pc<12>         |out<14>        |    7.531|
pc<12>         |out<15>        |    7.697|
pc<12>         |out<16>        |    7.703|
pc<12>         |out<17>        |    7.783|
pc<12>         |out<18>        |    8.750|
pc<12>         |out<19>        |    8.866|
pc<12>         |out<20>        |    8.773|
pc<12>         |out<21>        |    8.740|
pc<12>         |out<22>        |    8.841|
pc<12>         |out<23>        |    8.824|
pc<12>         |out<24>        |    8.950|
pc<12>         |out<25>        |    8.845|
pc<12>         |out<26>        |    8.875|
pc<12>         |out<27>        |    8.714|
pc<12>         |out<28>        |    8.715|
pc<12>         |out<29>        |    8.914|
pc<12>         |out<30>        |    8.923|
pc<12>         |out<31>        |    8.910|
pc<13>         |out<13>        |    6.859|
pc<13>         |out<14>        |    7.295|
pc<13>         |out<15>        |    7.460|
pc<13>         |out<16>        |    7.456|
pc<13>         |out<17>        |    7.536|
pc<13>         |out<18>        |    8.503|
pc<13>         |out<19>        |    8.619|
pc<13>         |out<20>        |    8.526|
pc<13>         |out<21>        |    8.493|
pc<13>         |out<22>        |    8.594|
pc<13>         |out<23>        |    8.577|
pc<13>         |out<24>        |    8.703|
pc<13>         |out<25>        |    8.598|
pc<13>         |out<26>        |    8.628|
pc<13>         |out<27>        |    8.467|
pc<13>         |out<28>        |    8.468|
pc<13>         |out<29>        |    8.667|
pc<13>         |out<30>        |    8.676|
pc<13>         |out<31>        |    8.663|
pc<14>         |out<14>        |    7.172|
pc<14>         |out<15>        |    7.376|
pc<14>         |out<16>        |    7.482|
pc<14>         |out<17>        |    7.562|
pc<14>         |out<18>        |    8.529|
pc<14>         |out<19>        |    8.645|
pc<14>         |out<20>        |    8.552|
pc<14>         |out<21>        |    8.519|
pc<14>         |out<22>        |    8.620|
pc<14>         |out<23>        |    8.603|
pc<14>         |out<24>        |    8.729|
pc<14>         |out<25>        |    8.624|
pc<14>         |out<26>        |    8.654|
pc<14>         |out<27>        |    8.493|
pc<14>         |out<28>        |    8.494|
pc<14>         |out<29>        |    8.693|
pc<14>         |out<30>        |    8.702|
pc<14>         |out<31>        |    8.689|
pc<15>         |out<15>        |    7.122|
pc<15>         |out<16>        |    7.317|
pc<15>         |out<17>        |    7.397|
pc<15>         |out<18>        |    8.364|
pc<15>         |out<19>        |    8.480|
pc<15>         |out<20>        |    8.387|
pc<15>         |out<21>        |    8.354|
pc<15>         |out<22>        |    8.455|
pc<15>         |out<23>        |    8.438|
pc<15>         |out<24>        |    8.564|
pc<15>         |out<25>        |    8.459|
pc<15>         |out<26>        |    8.489|
pc<15>         |out<27>        |    8.328|
pc<15>         |out<28>        |    8.329|
pc<15>         |out<29>        |    8.528|
pc<15>         |out<30>        |    8.537|
pc<15>         |out<31>        |    8.524|
pc<16>         |out<16>        |    7.137|
pc<16>         |out<17>        |    7.268|
pc<16>         |out<18>        |    8.410|
pc<16>         |out<19>        |    8.516|
pc<16>         |out<20>        |    8.522|
pc<16>         |out<21>        |    8.489|
pc<16>         |out<22>        |    8.590|
pc<16>         |out<23>        |    8.573|
pc<16>         |out<24>        |    8.699|
pc<16>         |out<25>        |    8.594|
pc<16>         |out<26>        |    8.624|
pc<16>         |out<27>        |    8.463|
pc<16>         |out<28>        |    8.464|
pc<16>         |out<29>        |    8.663|
pc<16>         |out<30>        |    8.672|
pc<16>         |out<31>        |    8.659|
pc<17>         |out<17>        |    6.940|
pc<17>         |out<18>        |    8.266|
pc<17>         |out<19>        |    8.371|
pc<17>         |out<20>        |    8.367|
pc<17>         |out<21>        |    8.334|
pc<17>         |out<22>        |    8.435|
pc<17>         |out<23>        |    8.418|
pc<17>         |out<24>        |    8.544|
pc<17>         |out<25>        |    8.439|
pc<17>         |out<26>        |    8.469|
pc<17>         |out<27>        |    8.308|
pc<17>         |out<28>        |    8.309|
pc<17>         |out<29>        |    8.508|
pc<17>         |out<30>        |    8.517|
pc<17>         |out<31>        |    8.504|
pc<18>         |out<18>        |    8.024|
pc<18>         |out<19>        |    8.168|
pc<18>         |out<20>        |    8.274|
pc<18>         |out<21>        |    8.241|
pc<18>         |out<22>        |    8.342|
pc<18>         |out<23>        |    8.325|
pc<18>         |out<24>        |    8.451|
pc<18>         |out<25>        |    8.346|
pc<18>         |out<26>        |    8.376|
pc<18>         |out<27>        |    8.215|
pc<18>         |out<28>        |    8.216|
pc<18>         |out<29>        |    8.415|
pc<18>         |out<30>        |    8.424|
pc<18>         |out<31>        |    8.411|
pc<19>         |out<19>        |    8.099|
pc<19>         |out<20>        |    8.294|
pc<19>         |out<21>        |    8.261|
pc<19>         |out<22>        |    8.362|
pc<19>         |out<23>        |    8.345|
pc<19>         |out<24>        |    8.471|
pc<19>         |out<25>        |    8.366|
pc<19>         |out<26>        |    8.396|
pc<19>         |out<27>        |    8.235|
pc<19>         |out<28>        |    8.236|
pc<19>         |out<29>        |    8.435|
pc<19>         |out<30>        |    8.444|
pc<19>         |out<31>        |    8.431|
pc<20>         |out<20>        |    7.809|
pc<20>         |out<21>        |    7.827|
pc<20>         |out<22>        |    8.103|
pc<20>         |out<23>        |    8.076|
pc<20>         |out<24>        |    8.301|
pc<20>         |out<25>        |    8.196|
pc<20>         |out<26>        |    8.226|
pc<20>         |out<27>        |    8.065|
pc<20>         |out<28>        |    8.066|
pc<20>         |out<29>        |    8.265|
pc<20>         |out<30>        |    8.274|
pc<20>         |out<31>        |    8.261|
pc<21>         |out<21>        |    7.524|
pc<21>         |out<22>        |    7.984|
pc<21>         |out<23>        |    7.956|
pc<21>         |out<24>        |    8.171|
pc<21>         |out<25>        |    8.066|
pc<21>         |out<26>        |    8.096|
pc<21>         |out<27>        |    7.935|
pc<21>         |out<28>        |    7.936|
pc<21>         |out<29>        |    8.135|
pc<21>         |out<30>        |    8.144|
pc<21>         |out<31>        |    8.131|
pc<22>         |out<22>        |    8.005|
pc<22>         |out<23>        |    8.016|
pc<22>         |out<24>        |    8.341|
pc<22>         |out<25>        |    8.236|
pc<22>         |out<26>        |    8.266|
pc<22>         |out<27>        |    8.105|
pc<22>         |out<28>        |    8.106|
pc<22>         |out<29>        |    8.305|
pc<22>         |out<30>        |    8.314|
pc<22>         |out<31>        |    8.301|
pc<23>         |out<23>        |    7.986|
pc<23>         |out<24>        |    8.400|
pc<23>         |out<25>        |    8.295|
pc<23>         |out<26>        |    8.325|
pc<23>         |out<27>        |    8.164|
pc<23>         |out<28>        |    8.165|
pc<23>         |out<29>        |    8.364|
pc<23>         |out<30>        |    8.373|
pc<23>         |out<31>        |    8.360|
pc<24>         |out<24>        |    7.734|
pc<24>         |out<25>        |    7.680|
pc<24>         |out<26>        |    7.885|
pc<24>         |out<27>        |    7.714|
pc<24>         |out<28>        |    7.814|
pc<24>         |out<29>        |    8.013|
pc<24>         |out<30>        |    8.022|
pc<24>         |out<31>        |    8.009|
pc<25>         |out<25>        |    8.066|
pc<25>         |out<26>        |    8.455|
pc<25>         |out<27>        |    8.283|
pc<25>         |out<28>        |    8.373|
pc<25>         |out<29>        |    8.572|
pc<25>         |out<30>        |    8.581|
pc<25>         |out<31>        |    8.568|
pc<26>         |out<26>        |    7.901|
pc<26>         |out<27>        |    7.768|
pc<26>         |out<28>        |    7.968|
pc<26>         |out<29>        |    8.167|
pc<26>         |out<30>        |    8.176|
pc<26>         |out<31>        |    8.163|
pc<27>         |out<27>        |    7.953|
pc<27>         |out<28>        |    8.242|
pc<27>         |out<29>        |    8.441|
pc<27>         |out<30>        |    8.450|
pc<27>         |out<31>        |    8.437|
pc<28>         |out<28>        |    7.706|
pc<28>         |out<29>        |    7.956|
pc<28>         |out<30>        |    8.140|
pc<28>         |out<31>        |    8.117|
pc<29>         |out<29>        |    7.988|
pc<29>         |out<30>        |    8.356|
pc<29>         |out<31>        |    8.332|
pc<30>         |out<30>        |    8.311|
pc<30>         |out<31>        |    8.326|
pc<31>         |out<31>        |    7.876|
---------------+---------------+---------+


Analysis completed Thu Mar 23 09:51:51 2017 
--------------------------------------------------------------------------------

Trace Settings:
-------------------------
Trace Settings 

Peak Memory Usage: 619 MB



